[2026-09-06 14:25:26] [INFO] Starting ASG Airlines Data Engineering Pipeline...
[2026-09-06 14:25:26] [INFO] --- Ingesting Sheet 1/4: flights ---
[2026-09-06 14:25:26] [INFO] Ingesting raw sheet 'flights' from UseCase - Airlines.xlsx...
[2026-09-06 14:25:26] [INFO] Loaded 'flights': 1020 rows, 7 columns.
[2026-09-06 14:25:26] [INFO] Columns for 'flights': ['flight_id', 'airline', 'source', 'destination', 'departure_time', 'arrival_time', 'duration']
[2026-09-06 14:25:27] [INFO] Saved raw bronze snapshot to: Z:\Github Projects\NeoStats\data\bronze\flights_raw.parquet
[2026-09-06 14:25:27] [INFO] Schema columns check passed for 'flights'.
[2026-09-06 14:25:27] [INFO] Zero rows quarantined for 'flights'. 100% primary key presence.
[2026-09-06 14:25:27] [INFO] --- Ingesting Sheet 2/4: bookings ---
[2026-09-06 14:25:27] [INFO] Ingesting raw sheet 'bookings' from UseCase - Airlines.xlsx...
[2026-09-06 14:25:27] [INFO] Loaded 'bookings': 1000 rows, 9 columns.
[2026-09-06 14:25:27] [INFO] Columns for 'bookings': ['booking_id', 'passenger_id', 'flight_id', 'booking_date', 'status', 'passport_number', 'seat_number', 'emergency_contact_name', 'emergency_contact_phone']
[2026-09-06 14:25:27] [INFO] Saved raw bronze snapshot to: Z:\Github Projects\NeoStats\data\bronze\bookings_raw.parquet
[2026-09-06 14:25:27] [INFO] Schema columns check passed for 'bookings'.
[2026-09-06 14:25:27] [INFO] Zero rows quarantined for 'bookings'. 100% primary key presence.
[2026-09-06 14:25:27] [INFO] --- Ingesting Sheet 3/4: passengers ---
[2026-09-06 14:25:27] [INFO] Ingesting raw sheet 'passengers' from UseCase - Airlines.xlsx...
[2026-09-06 14:25:27] [INFO] Loaded 'passengers': 1039 rows, 9 columns.
[2026-09-06 14:25:27] [INFO] Columns for 'passengers': ['passenger_id', 'first_name', 'last_name', 'age', 'gender', 'email', 'phone', 'aadhaar_id', 'date_of_birth']
[2026-09-06 14:25:27] [INFO] Saved raw bronze snapshot to: Z:\Github Projects\NeoStats\data\bronze\passengers_raw.parquet
[2026-09-06 14:25:27] [INFO] Schema columns check passed for 'passengers'.
[2026-09-06 14:25:27] [INFO] Zero rows quarantined for 'passengers'. 100% primary key presence.
[2026-09-06 14:25:27] [INFO] --- Ingesting Sheet 4/4: payments ---
[2026-09-06 14:25:27] [INFO] Ingesting raw sheet 'payments' from UseCase - Airlines.xlsx...
[2026-09-06 14:25:27] [INFO] Loaded 'payments': 1000 rows, 4 columns.
[2026-09-06 14:25:27] [INFO] Columns for 'payments': ['payment_id', 'booking_id', 'amount', 'payment_method']
[2026-09-06 14:25:27] [INFO] Saved raw bronze snapshot to: Z:\Github Projects\NeoStats\data\bronze\payments_raw.parquet
[2026-09-06 14:25:27] [INFO] Schema columns check passed for 'payments'.
[2026-09-06 14:25:27] [INFO] Zero rows quarantined for 'payments'. 100% primary key presence.
[2026-09-06 14:25:27] [INFO] --- Cleaning and Transforming Silver Layer ---
[2026-09-06 14:25:27] [INFO] Cleaning 'flights' dataset...
[2026-09-06 14:25:27] [INFO] Flight ID regex validation: 0 malformed IDs detected.
[2026-09-06 14:25:27] [INFO] Repaired 72 missing/UNKNOWN airline names from flight ID prefix.
[2026-09-06 14:25:27] [INFO] Detected 1 overnight flight(s) where arrival < departure.
[2026-09-06 14:25:27] [INFO] Duration anomaly check: 0 anomalous durations detected.
[2026-09-06 14:25:27] [INFO] Deduplicated flights on [flight_id, departure_time]: dropped 15 duplicate rows.
[2026-09-06 14:25:27] [INFO] Saved silver flights to: Z:\Github Projects\NeoStats\data\silver\flights_silver.parquet (1005 rows).
[2026-09-06 14:25:27] [INFO] Cleaning 'passengers' dataset...
[2026-09-06 14:25:27] [INFO] Deduplicated passengers on passenger_id: dropped 39 duplicate rows.
[2026-09-06 14:25:27] [INFO] Saved secure PII vault mapping to: Z:\Github Projects\NeoStats\data\secure\pii_vault.parquet (restricted access).
[2026-09-06 14:25:27] [INFO] Saved silver passengers to: Z:\Github Projects\NeoStats\data\silver\passengers_silver.parquet (1000 rows).
[2026-09-06 14:25:27] [INFO] Cleaning 'bookings' dataset...
[2026-09-06 14:25:27] [INFO] Standardized 75 bookings with null/invalid status to 'PENDING' (flagged).
[2026-09-06 14:25:27] [INFO] Referential integrity: 0 orphan flight refs, 0 orphan passenger refs.
[2026-09-06 14:25:27] [INFO] Deduplicated bookings on booking_id: dropped 0 duplicate rows.
[2026-09-06 14:25:27] [INFO] Saved silver bookings to: Z:\Github Projects\NeoStats\data\silver\bookings_silver.parquet (1000 rows).
[2026-09-06 14:25:27] [INFO] Cleaning 'payments' dataset...
[2026-09-06 14:25:27] [INFO] Payments amount validation: 78 non-numeric/null rows found.
[2026-09-06 14:25:27] [INFO] Imputed missing amounts with median fare: INR 8027.12.
[2026-09-06 14:25:27] [INFO] Payments referential integrity: 0 orphan booking references.
[2026-09-06 14:25:27] [INFO] Deduplicated payments on payment_id: dropped 0 duplicate rows.
[2026-09-06 14:25:27] [INFO] Saved silver payments to: Z:\Github Projects\NeoStats\data\silver\payments_silver.parquet (1000 rows).
[2026-09-06 14:25:27] [INFO] --- Building Dimensional Star Schema (Gold Layer) ---
[2026-09-06 14:25:27] [INFO] Building dimensional star schema in gold layer...
[2026-09-06 14:25:27] [INFO] Gold table saved: dim_airline (4 rows) -> Z:\Github Projects\NeoStats\data\gold\dim_airline.parquet
[2026-09-06 14:25:27] [INFO] Gold table saved: dim_route (30 rows) -> Z:\Github Projects\NeoStats\data\gold\dim_route.parquet
[2026-09-06 14:25:27] [INFO] Gold table saved: dim_date (345 rows) -> Z:\Github Projects\NeoStats\data\gold\dim_date.parquet
[2026-09-06 14:25:27] [INFO] Gold table saved: dim_passenger (1000 rows) -> Z:\Github Projects\NeoStats\data\gold\dim_passenger.parquet
[2026-09-06 14:25:27] [INFO] Gold table saved: fact_flights (1005 rows) -> Z:\Github Projects\NeoStats\data\gold\fact_flights.parquet
[2026-09-06 14:25:27] [INFO] Gold table saved: fact_bookings (1000 rows) -> Z:\Github Projects\NeoStats\data\gold\fact_bookings.parquet
[2026-09-06 14:25:27] [INFO] Gold table saved: fact_payments (1000 rows) -> Z:\Github Projects\NeoStats\data\gold\fact_payments.parquet
[2026-09-06 14:25:27] [INFO] --- Computing Business KPIs & Anomaly Analytics ---
[2026-09-06 14:25:27] [INFO] Computing business KPIs and aggregations...
[2026-09-06 14:25:27] [INFO] Overall Average Flight Duration: 164.62 minutes.
[2026-09-06 14:25:27] [INFO] All business KPIs computed and exported successfully.
